\documentclass[a4paper,11pt]{article}
\usepackage{ucs}
\usepackage[utf8x]{inputenc}
\usepackage[T1]{fontenc}
\usepackage{gb4n}

\usepackage{tipa}

\begin{document}
\ea
\ref Pear\_Madi.001\\
\glll
diž yikes . diž bikes čeq čeqi rek'e\\
diž y--ike--s . diž b--ike--s čeq čeq--i rek'e\\
I.DAT.pn II-.aff--see.v--PST.-aff 1sec.break I.DAT.pn III-.aff--see.v--PST.-aff forest.n forest.n--ESS.II.-aff person.n\\
\glt{} I saw . I saw a forest, a person in the forest\\
\z
\ea
\ref Pear\_Madi.002\\
\glll
rek'e bak'arzi bak'arziruho zoq'es .... bak'arziruho zoq'es\\
rek'e bak'arzi bak'arziru--ho zoq'e--s .---.---.---. bak'arziru--ho zoq'e--s\\
person.n collect.v collect.III/IV/V.PL.v--PRS.-aff be.v--PST.-aff 1sec.break--.--1sec.break--.--1sec.break--.--1sec.break collect.III/IV/V.PL.v--PRS.-aff be.v--PST.-aff\\
\glt{} The person collected (them).\\
\z
\ea
\ref Pear\_Madi.003\\
\glll
rikes gruša i hałoy haw sobiratno bun tohobito aq'es k'onk'a\textturny 'o rek'e uži\\
r--ike--s gruša *i hało--y haw *sobirat--no b--u--n tohobito aq'e--s k'onk'a--\textturny 'o rek'e uži\\
V?-.aff--see.v--PST.-aff pear(r).n ***.***.pn he.OBL--ERG.-aff that.pn ***.***--and.-aff III-.aff--do,.make.v--PFT.-aff on.the.other.side.adv come.v--PST.-aff bike.n--ESS.III.-aff person.n boy.n\\
\glt{} (I? / He?) saw the pear and he collected it, from the other side came a person, a boy on the bicycle.\\
\z
\ea
\ref Pear\_Madi.004\\
\glll
hałoy haw bik'ek'iš .. karzina\\
hało--y haw b--ik'ek'--iš .---. karžina\\
this.OBL.pn--ERG.-aff this.pn III-.aff--steal.v--PST.-aff 1sec.break--.--1sec.break basket(r).n\\
\glt{} He stole this .. basket.\\
\z
\ea
\ref Pear\_Madi.005 \#\#\#\#\#\#\#\# 51.5\\
\glll
bik'ek'no oxes oxeya gamač' keziyiqno\\
b--ik'ek'--no ox--es  gamač' keziyiq--no\\
III-.aff--steal.v--PFT?.-aff leave.v--PST.-aff  stone.n meet.II.v--PFT?.-aff\\
\z
\ea
\ref Pear\_Madi.006 \#\#\#\#\#\#\#\#\#\#\#\\
\glll
gamač'lis k'onk'a\textturny 'o ? bekin hago rede ne\textturny in\\
gamač'---*l--i--s k'onk'a--\textturny 'o *? b--*ek--in hago rede ne\textturny --in\\
stone.n--.--***.***--ESS.II.-aff--GEN1.-aff bike.n--ESS.III.-aff ***.*** I/II.PL-.aff--***.***--PFT.-aff this.pn wood.n give.v--PFT.-aff\\
\z
\ea
\ref Pear\_Madi.007\\
\glll
hezodoy haw grušan sadaq bosiš\\
hezodoy haw gruša--n sadaq b--os--iš\\
then.adv this.pn pear(r).n--and.-clit all.adv III-.aff--fall.v--PST.-aff\\
\z
\end{document}